// Jest Snapshot v1, https://goo.gl/fbAQLP

exports[`按钮测试 size测试 1`] = `undefined`;
